HI-TECH Software PICC-18 Compiler V9.80 ()

Linker command line:

--edf=C:\Program Files\HI-TECH Software\PICC-18\9.80\dat\en_msgs.txt -cs \
  -h+dist/default/production\Photovore.X.production.sym -z -Q18F452 -ol.obj \
  -Mdist/default/production/Photovore.X.production.map -E1 -ver=PICC-18 \
  -ACODE=00h-03FFFhx2 -ACONST=00h-07FFFh -ASMALLCONST=0600h-06FFhx122 \
  -AMEDIUMCONST=0600h-07FFFh -ACOMRAM=01h-07Fh -AABS1=00h-05FFh \
  -ABIGRAM=01h-05FFh -ARAM=080h-0FFh,0100h-01FFhx5 -ABANK0=080h-0FFh \
  -ABANK1=0100h-01FFh -ABANK2=0200h-02FFh -ABANK3=0300h-03FFh \
  -ABANK4=0400h-04FFh -ABANK5=0500h-05FFh -ASFR=0F80h-0FFFh \
  -preset_vec=00h,intcode,intcodelo,powerup,init,end_init -pramtop=0600h \
  -psmallconst=SMALLCONST -pmediumconst=MEDIUMCONST -pconst=CONST \
  -AFARRAM=00h-00h -ACONFIG=0300000h-030000Dh -pconfig=CONFIG \
  -AIDLOC=0200000h-0200007h -pidloc=IDLOC -AEEDATA=0F00000h-0F000FFh \
  -peeprom_data=EEDATA \
  -prdata=COMRAM,nvrram=COMRAM,nvbit=COMRAM,rbss=COMRAM,rbit=COMRAM \
  -pfarbss=FARRAM,fardata=FARRAM \
  -pintsave_regs=BIGRAM,bigbss=BIGRAM,bigdata=BIGRAM -pbss=RAM \
  -pidata=CODE,irdata=CODE,ibigdata=CODE,ifardata=CODE \
  C:\Users\Viki\AppData\Local\Temp\s2g8.obj \
  dist/default/production\Photovore.X.production.obj 

Object code version is 3.10

Machine type is 18F452

Call graph: (short form)




                Name          Link     Load   Length Selector   Space       Scale
C:\Users\Viki\AppData\Local\Temp\s2g8.obj
                end_init         0        0        4       0     0
                config      300000   300000        A  300000     0
dist/default/production\Photovore.X.production.obj
                smallcons      600      600       88     300     0
                text33        15B4     15B4      23E     344     0
                text32        2782     2782       3C     344     0
                text31        263C     263C       42     344     0
                text30        1F4E     1F4E       F2     344     0
                text29        1AD4     1AD4      142     344     0
                text28        2702     2702       42     344     0
                text27        26C0     26C0       42     344     0
                text26        267E     267E       42     344     0
                text25        24DA     24DA       72     344     0
                text24        23E0     23E0       84     344     0
                text23        2340     2340       A0     344     0
                text22        1C16     1C16      134     344     0
                text21        2826     2826       2E     344     0
                text20        2298     2298       A8     344     0
                text19        21EC     21EC       AC     344     0
                text18        212C     212C       C0     344     0
                text17        197A     197A      15A     344     0
                text16        17F2     17F2      188     344     0
                text15         EDA      EDA      45E     344     0
                text14        1338     1338      27C     344     0
                text13        2464     2464       76     344     0
                text12         688      688      852     344     0
                text11        25A0     25A0       52     344     0
                text10        254C     254C       54     344     0
                text9         27F4     27F4       32     344     0
                text8         1D4A     1D4A      104     344     0
                text7         28C0     28C0       16     344     0
                text6         25F2     25F2       4A     344     0
                text5         1E4E     1E4E      100     344     0
                text4         2744     2744       3E     344     0
                text3         287E     287E       2A     344     0
                text2         27BE     27BE       36     344     0
                text1         2854     2854       2A     344     0
                text0         2040     2040       EC     344     0
                cstackCOM        1        1       75       1     1
                cstackBAN       80       80       1B      80     1
                bssBANK0        9B       9B        F      80     1
                bitbssCOM      3B0       76        1       1     1    8
                cinit         28A8     28A8       18     344     0

TOTAL           Name          Link     Load   Length     Space
        CLASS   CODE           
                end_init         0        0        4     0
                text33        15B4     15B4      23E     0
                text32        2782     2782       3C     0
                text31        263C     263C       42     0
                text30        1F4E     1F4E       F2     0
                text29        1AD4     1AD4      142     0
                text28        2702     2702       42     0
                text27        26C0     26C0       42     0
                text26        267E     267E       42     0
                text25        24DA     24DA       72     0
                text24        23E0     23E0       84     0
                text23        2340     2340       A0     0
                text22        1C16     1C16      134     0
                text21        2826     2826       2E     0
                text20        2298     2298       A8     0
                text19        21EC     21EC       AC     0
                text18        212C     212C       C0     0
                text17        197A     197A      15A     0
                text16        17F2     17F2      188     0
                text15         EDA      EDA      45E     0
                text14        1338     1338      27C     0
                text13        2464     2464       76     0
                text12         688      688      852     0
                text11        25A0     25A0       52     0
                text10        254C     254C       54     0
                text9         27F4     27F4       32     0
                text8         1D4A     1D4A      104     0
                text7         28C0     28C0       16     0
                text6         25F2     25F2       4A     0
                text5         1E4E     1E4E      100     0
                text4         2744     2744       3E     0
                text3         287E     287E       2A     0
                text2         27BE     27BE       36     0
                text1         2854     2854       2A     0
                text0         2040     2040       EC     0
                cinit         28A8     28A8       18     0

        CLASS   CONST          

        CLASS   SMALLCONST     
                smallcons      600      600       88     0

        CLASS   MEDIUMCONST    

        CLASS   COMRAM         
                cstackCOM        1        1       75     1
                bitbssCOM      3B0       76        1     1

        CLASS   ABS1           

        CLASS   BIGRAM         

        CLASS   RAM            

        CLASS   BANK0          
                cstackBAN       80       80       1B     1
                bssBANK0        9B       9B        F     1

        CLASS   BANK1          

        CLASS   BANK2          

        CLASS   BANK3          

        CLASS   BANK4          

        CLASS   BANK5          

        CLASS   SFR            

        CLASS   FARRAM         

        CLASS   CONFIG         
                config      300000   300000        A     0

        CLASS   IDLOC          

        CLASS   EEDATA         



SEGMENTS        Name            Load    Length   Top    Selector   Space  Class

                reset_vec       000000  000004  000004         0       0  CODE    
                cstackCOMRAM    000001  000076  000077         1       1  COMRAM  
                cstackBANK0     000080  00002A  0000AA        80       1  BANK0   
                smallconst      000600  000088  000688       300       0  SMALLCON
                text12          000688  00224E  0028D6       344       0  CODE    
                config          300000  00000A  30000A    300000       0  CONFIG  


UNUSED ADDRESS RANGES

        Name                Unused          Largest block    Delta
        BANK0            0000AA-0000FF               56
        BANK1            000100-0001FF              100
        BANK2            000200-0002FF              100
        BANK3            000300-0003FF              100
        BANK4            000400-0004FF              100
        BANK5            000500-0005FF              100
        BIGRAM           000077-00007F                9
                         0000AA-0005FF              556
        CODE             000004-0005FF              5FC
                         0028D6-007FFF             172A
        COMRAM           000077-00007F                9
        CONFIG           30000A-30000D                4
        CONST            000004-0005FF              5FC
                         0028D6-007FFF             572A
        EEDATA           F00000-F000FF              100
        IDLOC            200000-200007                8
        MEDIUMCONST      0028D6-007FFF             572A
        RAM              0000AA-0005FF              100
        SFR              000F80-000FFF               80
        SMALLCONST       0028D6-007FFF              100

                                  Symbol Table

??_Analog2Digital_Settings        cstackCOMRAM 000001
??_DelayMs                        cstackCOMRAM 000002
??_LcdInitialize_Settings         cstackCOMRAM 00000B
??_MotorDriver_Settings           cstackCOMRAM 000001
??_WaitinMicroseconds             cstackCOMRAM 000003
??_WaitinMilliseconds             cstackCOMRAM 000007
??___asftadd                      cstackCOMRAM 000045
??___asftmul                      cstackCOMRAM 000036
??___asftsub                      cstackCOMRAM 000022
??___awdiv                        cstackCOMRAM 00000C
??___awmod                        cstackCOMRAM 000005
??___ftadd                        cstackCOMRAM 00000F
??___ftge                         cstackCOMRAM 000007
??___ftmul                        cstackCOMRAM 000026
??___ftneg                        cstackCOMRAM 000004
??___ftpack                       cstackCOMRAM 000006
??___ftsub                        cstackCOMRAM 00001D
??___fttol                        cstackCOMRAM 000015
??___lldiv                        cstackCOMRAM 000009
??___llmod                        cstackCOMRAM 000017
??___lltoft                       cstackCOMRAM 00000D
??___wmul                         cstackCOMRAM 000005
??__div_to_l_                     cstackCOMRAM 000007
??__tdiv_to_l_                    cstackCOMRAM 000007
??_fround                         cstackCOMRAM 000034
??_lcd_cmd                        cstackCOMRAM 000006
??_lcd_data                       cstackCOMRAM 000006
??_lcd_init                       cstackCOMRAM 000008
??_lcd_puts                       cstackCOMRAM 000009
??_lcd_putsTwoint                 cstackCOMRAM 000071
??_main                           cstackCOMRAM 000071
??_scale                          cstackCOMRAM 000034
??_sprintf                        cstackCOMRAM 00004C
??_strcat                         cstackCOMRAM 000005
?_Analog2Digital_Settings         cstackCOMRAM 000001
?_DelayMs                         cstackCOMRAM 000001
?_LcdInitialize_Settings          cstackCOMRAM 000001
?_MotorDriver_Settings            cstackCOMRAM 000001
?_WaitinMicroseconds              cstackCOMRAM 000001
?_WaitinMilliseconds              cstackCOMRAM 000005
?___asftadd                       cstackCOMRAM 000040
?___asftmul                       cstackCOMRAM 000031
?___asftsub                       cstackCOMRAM 00001D
?___awdiv                         cstackCOMRAM 000008
?___awmod                         cstackCOMRAM 000001
?___ftadd                         cstackCOMRAM 000009
?___ftge                          cstackCOMRAM 000001
?___ftmul                         cstackCOMRAM 000020
?___ftneg                         cstackCOMRAM 000001
?___ftpack                        cstackCOMRAM 000001
?___ftsub                         cstackCOMRAM 000017
?___fttol                         cstackCOMRAM 000011
?___lldiv                         cstackCOMRAM 000001
?___llmod                         cstackCOMRAM 00000F
?___lltoft                        cstackCOMRAM 000009
?___wmul                          cstackCOMRAM 000001
?__div_to_l_                      cstackCOMRAM 000001
?__tdiv_to_l_                     cstackCOMRAM 000001
?_fround                          cstackCOMRAM 000031
?_lcd_cmd                         cstackCOMRAM 000005
?_lcd_data                        cstackCOMRAM 000005
?_lcd_init                        cstackCOMRAM 000007
?_lcd_puts                        cstackCOMRAM 000007
?_lcd_putsTwoint                  cstackCOMRAM 00006D
?_main                            cstackCOMRAM 000001
?_scale                           cstackCOMRAM 000031
?_sprintf                         cstackCOMRAM 000045
?_strcat                          cstackCOMRAM 000001
DelayMs@_dcnt                     cstackCOMRAM 000004
DelayMs@cnt                       cstackCOMRAM 000001
DelayMs@i                         cstackCOMRAM 000003
WaitinMicroseconds@_dcnt          cstackCOMRAM 000004
WaitinMicroseconds@delay          cstackCOMRAM 000001
WaitinMilliseconds@delay          cstackCOMRAM 000005
_ADCON0bits                       (abs)        000FC2
_ADCON1bits                       (abs)        000FC1
_ADRESH                           (abs)        000FC4
_Analog2Digital_Settings          text7        0028C0
_CCP1CON                          (abs)        000FBD
_CCP1X                            (abs)        007DED
_CCP1Y                            (abs)        007DEC
_CCP2CON                          (abs)        000FBA
_CCP2X                            (abs)        007DD5
_CCP2Y                            (abs)        007DD4
_CCPR1L                           (abs)        000FBE
_CCPR2L                           (abs)        000FBB
_DelayMs                          text11       0025A0
_LATD                             (abs)        000F8C
_LB1                              (abs)        007C51
_LB2                              (abs)        007C52
_LB3                              (abs)        007C53
_LcdInitialize_Settings           text3        00287E
_MotorDriver_Settings             text2        0027BE
_PR2                              (abs)        000FCB
_RB4                              (abs)        007C0C
_RB5                              (abs)        007C0D
_RB6                              (abs)        007C0E
_RB7                              (abs)        007C0F
_T2CON                            (abs)        000FCA
_TMR2                             (abs)        000FCC
_TRISA0                           (abs)        007C90
_TRISA1                           (abs)        007C91
_TRISB1                           (abs)        007C99
_TRISB2                           (abs)        007C9A
_TRISB3                           (abs)        007C9B
_TRISB4                           (abs)        007C9C
_TRISB5                           (abs)        007C9D
_TRISB6                           (abs)        007C9E
_TRISB7                           (abs)        007C9F
_TRISC1                           (abs)        007CA1
_TRISC2                           (abs)        007CA2
_TRISD                            (abs)        000F95
_WaitinMicroseconds               text4        002744
_WaitinMilliseconds               text1        002854
__CFG_BOR$ON                      (abs)        000000
__CFG_BORV$20                     (abs)        000000
__CFG_CCP2MUX$ON                  (abs)        000000
__CFG_CP0$OFF                     (abs)        000000
__CFG_CP1$OFF                     (abs)        000000
__CFG_CP2$OFF                     (abs)        000000
__CFG_CP3$OFF                     (abs)        000000
__CFG_CPB$OFF                     (abs)        000000
__CFG_CPD$OFF                     (abs)        000000
__CFG_DEBUG$OFF                   (abs)        000000
__CFG_LVP$OFF                     (abs)        000000
__CFG_OSC$HS                      (abs)        000000
__CFG_OSCS$ON                     (abs)        000000
__CFG_PWRT$OFF                    (abs)        000000
__CFG_STVR$ON                     (abs)        000000
__CFG_WDT$OFF                     (abs)        000000
__CFG_WDTPS$128                   (abs)        000000
__HRAM                            (abs)        000000
__Habs1                           abs1         000000
__Hbank0                          bank0        000000
__Hbank1                          bank1        000000
__Hbank2                          bank2        000000
__Hbank3                          bank3        000000
__Hbank4                          bank4        000000
__Hbank5                          bank5        000000
__Hbigbss                         bigbss       000000
__Hbigdata                        bigdata      000000
__Hbigram                         bigram       000000
__HbitbssCOMRAM                   bitbssCOMRAM 000000
__Hbss                            bss          000000
__HbssBANK0                       bssBANK0     000000
__Hcinit                          cinit        000000
__Hclrtext                        clrtext      000000
__Hcomram                         comram       000000
__Hconfig                         config       30000A
__Hconst                          const        000000
__HcstackBANK0                    cstackBANK0  000000
__HcstackCOMRAM                   cstackCOMRAM 000000
__Hdata                           data         000000
__Heeprom_data                    eeprom_data  000000
__Hend_init                       end_init     000004
__Hfarbss                         farbss       000000
__Hfardata                        fardata      000000
__Hibigdata                       ibigdata     000000
__Hidata                          idata        000000
__Hidloc                          idloc        000000
__Hifardata                       ifardata     000000
__Hinit                           init         000000
__Hintcode                        intcode      000000
__Hintcode_body                   intcode_body 000000
__Hintcodelo                      intcodelo    000000
__Hintentry                       intentry     000000
__Hintret                         intret       000000
__Hintsave_regs                   intsave_regs 000000
__Hirdata                         irdata       000000
__Hmediumconst                    mediumconst  000000
__Hnvbit                          nvbit        000000
__Hnvrram                         nvrram       000000
__Hparam                          rparam       000000
__Hpowerup                        powerup      000000
__Hram                            ram          000000
__Hramtop                         ramtop       000600
__Hrbit                           rbit         000000
__Hrbss                           rbss         000000
__Hrdata                          rdata        000000
__Hreset_vec                      reset_vec    000000
__Hrparam                         rparam       000000
__Hsfr                            sfr          000000
__Hsmallconst                     smallconst   000688
__Hstruct                         struct       000000
__Htemp                           temp         000000
__Htext                           text         000000
__Htext0                          text0        000000
__Htext1                          text1        000000
__Htext10                         text10       000000
__Htext11                         text11       000000
__Htext12                         text12       000000
__Htext13                         text13       000000
__Htext14                         text14       000000
__Htext15                         text15       000000
__Htext16                         text16       000000
__Htext17                         text17       000000
__Htext18                         text18       000000
__Htext19                         text19       000000
__Htext2                          text2        000000
__Htext20                         text20       000000
__Htext21                         text21       000000
__Htext22                         text22       000000
__Htext23                         text23       000000
__Htext24                         text24       000000
__Htext25                         text25       000000
__Htext26                         text26       000000
__Htext27                         text27       000000
__Htext28                         text28       000000
__Htext29                         text29       000000
__Htext3                          text3        000000
__Htext30                         text30       000000
__Htext31                         text31       000000
__Htext32                         text32       000000
__Htext33                         text33       000000
__Htext4                          text4        000000
__Htext5                          text5        000000
__Htext6                          text6        000000
__Htext7                          text7        000000
__Htext8                          text8        000000
__Htext9                          text9        000000
__LRAM                            (abs)        000001
__Labs1                           abs1         000000
__Lbank0                          bank0        000000
__Lbank1                          bank1        000000
__Lbank2                          bank2        000000
__Lbank3                          bank3        000000
__Lbank4                          bank4        000000
__Lbank5                          bank5        000000
__Lbigbss                         bigbss       000000
__Lbigdata                        bigdata      000000
__Lbigram                         bigram       000000
__LbitbssCOMRAM                   bitbssCOMRAM 000000
__Lbss                            bss          000000
__LbssBANK0                       bssBANK0     000000
__Lcinit                          cinit        000000
__Lclrtext                        clrtext      000000
__Lcomram                         comram       000000
__Lconfig                         config       300000
__Lconst                          const        000000
__LcstackBANK0                    cstackBANK0  000000
__LcstackCOMRAM                   cstackCOMRAM 000000
__Ldata                           data         000000
__Leeprom_data                    eeprom_data  000000
__Lend_init                       end_init     000000
__Lfarbss                         farbss       000000
__Lfardata                        fardata      000000
__Libigdata                       ibigdata     000000
__Lidata                          idata        000000
__Lidloc                          idloc        000000
__Lifardata                       ifardata     000000
__Linit                           init         000000
__Lintcode                        intcode      000000
__Lintcode_body                   intcode_body 000000
__Lintcodelo                      intcodelo    000000
__Lintentry                       intentry     000000
__Lintret                         intret       000000
__Lintsave_regs                   intsave_regs 000000
__Lirdata                         irdata       000000
__Lmediumconst                    mediumconst  000000
__Lnvbit                          nvbit        000000
__Lnvrram                         nvrram       000000
__Lparam                          rparam       000000
__Lpowerup                        powerup      000000
__Lram                            ram          000000
__Lramtop                         ramtop       000600
__Lrbit                           rbit         000000
__Lrbss                           rbss         000000
__Lrdata                          rdata        000000
__Lreset_vec                      reset_vec    000000
__Lrparam                         rparam       000000
__Lsfr                            sfr          000000
__Lsmallconst                     smallconst   000600
__Lstruct                         struct       000000
__Ltemp                           temp         000000
__Ltext                           text         000000
__Ltext0                          text0        000000
__Ltext1                          text1        000000
__Ltext10                         text10       000000
__Ltext11                         text11       000000
__Ltext12                         text12       000000
__Ltext13                         text13       000000
__Ltext14                         text14       000000
__Ltext15                         text15       000000
__Ltext16                         text16       000000
__Ltext17                         text17       000000
__Ltext18                         text18       000000
__Ltext19                         text19       000000
__Ltext2                          text2        000000
__Ltext20                         text20       000000
__Ltext21                         text21       000000
__Ltext22                         text22       000000
__Ltext23                         text23       000000
__Ltext24                         text24       000000
__Ltext25                         text25       000000
__Ltext26                         text26       000000
__Ltext27                         text27       000000
__Ltext28                         text28       000000
__Ltext29                         text29       000000
__Ltext3                          text3        000000
__Ltext30                         text30       000000
__Ltext31                         text31       000000
__Ltext32                         text32       000000
__Ltext33                         text33       000000
__Ltext4                          text4        000000
__Ltext5                          text5        000000
__Ltext6                          text6        000000
__Ltext7                          text7        000000
__Ltext8                          text8        000000
__Ltext9                          text9        000000
__S0                              (abs)        30000A
__S1                              (abs)        0000AA
___asftadd                        text27       0026C0
___asftadd@f1p                    cstackCOMRAM 000040
___asftadd@f2                     cstackCOMRAM 000042
___asftmul                        text28       002702
___asftmul@f1p                    cstackCOMRAM 000031
___asftmul@f2                     cstackCOMRAM 000033
___asftsub                        text31       00263C
___asftsub@f1p                    cstackCOMRAM 00001D
___asftsub@f2                     cstackCOMRAM 00001F
___awdiv                          text18       00212C
___awdiv@counter                  cstackCOMRAM 00000D
___awdiv@dividend                 cstackCOMRAM 000008
___awdiv@divisor                  cstackCOMRAM 00000A
___awdiv@quotient                 cstackCOMRAM 00000F
___awdiv@sign                     cstackCOMRAM 00000E
___awmod                          text19       0021EC
___awmod@counter                  cstackCOMRAM 000006
___awmod@dividend                 cstackCOMRAM 000001
___awmod@divisor                  cstackCOMRAM 000003
___awmod@sign                     cstackCOMRAM 000007
___ftadd                          text33       0015B4
___ftadd@exp1                     cstackCOMRAM 000016
___ftadd@exp2                     cstackCOMRAM 000015
___ftadd@f1                       cstackCOMRAM 000009
___ftadd@f2                       cstackCOMRAM 00000C
___ftadd@sign                     cstackCOMRAM 000014
___ftge                           text20       002298
___ftge@ff1                       cstackCOMRAM 000001
___ftge@ff2                       cstackCOMRAM 000004
___ftmul                          text29       001AD4
___ftmul@cntr                     cstackCOMRAM 00002F
___ftmul@exp                      cstackCOMRAM 00002B
___ftmul@f1                       cstackCOMRAM 000020
___ftmul@f2                       cstackCOMRAM 000023
___ftmul@f3_as_product            cstackCOMRAM 00002C
___ftmul@sign                     cstackCOMRAM 000030
___ftneg                          text21       002826
___ftneg@f1                       cstackCOMRAM 000001
___ftpack                         text30       001F4E
___ftpack@arg                     cstackCOMRAM 000001
___ftpack@exp                     cstackCOMRAM 000004
___ftpack@sign                    cstackCOMRAM 000005
___ftsub                          text32       002782
___ftsub@f1                       cstackCOMRAM 000017
___ftsub@f2                       cstackCOMRAM 00001A
___fttol                          text22       001C16
___fttol@exp1                     cstackCOMRAM 00001F
___fttol@f1                       cstackCOMRAM 000011
___fttol@lval                     cstackCOMRAM 00001B
___fttol@sign1                    cstackCOMRAM 00001A
___lldiv                          text23       002340
___lldiv@counter                  cstackCOMRAM 00000E
___lldiv@dividend                 cstackCOMRAM 000001
___lldiv@divisor                  cstackCOMRAM 000005
___lldiv@quotient                 cstackCOMRAM 00000A
___llmod                          text24       0023E0
___llmod@counter                  cstackCOMRAM 000018
___llmod@dividend                 cstackCOMRAM 00000F
___llmod@divisor                  cstackCOMRAM 000013
___lltoft                         text25       0024DA
___lltoft@c                       cstackCOMRAM 000009
___lltoft@exp                     cstackCOMRAM 000011
___wmul                           text26       00267E
___wmul@multiplicand              cstackCOMRAM 000003
___wmul@multiplier                cstackCOMRAM 000001
___wmul@product                   cstackCOMRAM 000005
__accesstop                       (abs)        000080
__activetblptr                    (abs)        000002
__div_to_l_                       text17       00197A
__div_to_l_@cntr                  cstackCOMRAM 00000C
__div_to_l_@exp1                  cstackCOMRAM 00000D
__div_to_l_@f1                    cstackCOMRAM 000001
__div_to_l_@f2                    cstackCOMRAM 000004
__div_to_l_@quot                  cstackCOMRAM 000008
__end_of_Analog2Digital_Settings  text7        0028D6
__end_of_DelayMs                  text11       0025F2
__end_of_LcdInitialize_Settings   text3        0028A8
__end_of_MotorDriver_Settings     text2        0027F4
__end_of_WaitinMicroseconds       text4        002782
__end_of_WaitinMilliseconds       text1        00287E
__end_of___asftadd                text27       002702
__end_of___asftmul                text28       002744
__end_of___asftsub                text31       00267E
__end_of___awdiv                  text18       0021EC
__end_of___awmod                  text19       002298
__end_of___ftadd                  text33       0017F2
__end_of___ftge                   text20       002340
__end_of___ftmul                  text29       001C16
__end_of___ftneg                  text21       002854
__end_of___ftpack                 text30       002040
__end_of___ftsub                  text32       0027BE
__end_of___fttol                  text22       001D4A
__end_of___lldiv                  text23       0023E0
__end_of___llmod                  text24       002464
__end_of___lltoft                 text25       00254C
__end_of___wmul                   text26       0026C0
__end_of__div_to_l_               text17       001AD4
__end_of__tdiv_to_l_              text16       00197A
__end_of_fround                   text14       0015B4
__end_of_lcd_cmd                  text6        00263C
__end_of_lcd_data                 text10       0025A0
__end_of_lcd_init                 text5        001F4E
__end_of_lcd_puts                 text9        002826
__end_of_lcd_putsTwoint           text8        001E4E
__end_of_main                     text0        00212C
__end_of_scale                    text15       001338
__end_of_sprintf                  text12       000EDA
__end_of_strcat                   text13       0024DA
__mediumconst                     mediumconst  000000
__npowers_                        smallconst   000628
__pbitbssCOMRAM                   bitbssCOMRAM 0003B0
__pbssBANK0                       bssBANK0     00009B
__pcinit                          cinit        0028A8
__pcstackBANK0                    cstackBANK0  000080
__pcstackCOMRAM                   cstackCOMRAM 000001
__powers_                         smallconst   00064F
__psmallconst                     smallconst   000600
__ptext0                          text0        002040
__ptext1                          text1        002854
__ptext10                         text10       00254C
__ptext11                         text11       0025A0
__ptext12                         text12       000688
__ptext13                         text13       002464
__ptext14                         text14       001338
__ptext15                         text15       000EDA
__ptext16                         text16       0017F2
__ptext17                         text17       00197A
__ptext18                         text18       00212C
__ptext19                         text19       0021EC
__ptext2                          text2        0027BE
__ptext20                         text20       002298
__ptext21                         text21       002826
__ptext22                         text22       001C16
__ptext23                         text23       002340
__ptext24                         text24       0023E0
__ptext25                         text25       0024DA
__ptext26                         text26       00267E
__ptext27                         text27       0026C0
__ptext28                         text28       002702
__ptext29                         text29       001AD4
__ptext3                          text3        00287E
__ptext30                         text30       001F4E
__ptext31                         text31       00263C
__ptext32                         text32       002782
__ptext33                         text33       0015B4
__ptext4                          text4        002744
__ptext5                          text5        001E4E
__ptext6                          text6        0025F2
__ptext7                          text7        0028C0
__ptext8                          text8        001D4A
__ptext9                          text9        0027F4
__ramtop                          ramtop       000600
__size_of_Analog2Digital_Settings (abs)        000000
__size_of_DelayMs                 (abs)        000000
__size_of_LcdInitialize_Settings  (abs)        000000
__size_of_MotorDriver_Settings    (abs)        000000
__size_of_WaitinMicroseconds      (abs)        000000
__size_of_WaitinMilliseconds      (abs)        000000
__size_of___asftadd               (abs)        000000
__size_of___asftmul               (abs)        000000
__size_of___asftsub               (abs)        000000
__size_of___awdiv                 (abs)        000000
__size_of___awmod                 (abs)        000000
__size_of___ftadd                 (abs)        000000
__size_of___ftge                  (abs)        000000
__size_of___ftmul                 (abs)        000000
__size_of___ftneg                 (abs)        000000
__size_of___ftpack                (abs)        000000
__size_of___ftsub                 (abs)        000000
__size_of___fttol                 (abs)        000000
__size_of___lldiv                 (abs)        000000
__size_of___llmod                 (abs)        000000
__size_of___lltoft                (abs)        000000
__size_of___wmul                  (abs)        000000
__size_of__div_to_l_              (abs)        000000
__size_of__tdiv_to_l_             (abs)        000000
__size_of_fround                  (abs)        000000
__size_of_lcd_cmd                 (abs)        000000
__size_of_lcd_data                (abs)        000000
__size_of_lcd_init                (abs)        000000
__size_of_lcd_puts                (abs)        000000
__size_of_lcd_putsTwoint          (abs)        000000
__size_of_main                    (abs)        000000
__size_of_scale                   (abs)        000000
__size_of_sprintf                 (abs)        000000
__size_of_strcat                  (abs)        000000
__smallconst                      smallconst   000600
__tdiv_to_l_                      text16       0017F2
__tdiv_to_l_@cntr                 cstackCOMRAM 000010
__tdiv_to_l_@exp1                 cstackCOMRAM 000011
__tdiv_to_l_@f1                   cstackCOMRAM 000001
__tdiv_to_l_@f2                   cstackCOMRAM 000004
__tdiv_to_l_@quot                 cstackCOMRAM 00000C
_dpowers                          smallconst   000600
_fourbit                          bitbssCOMRAM 0003B0
_fround                           text14       001338
_fround$932                       cstackCOMRAM 00003D
_fround$933                       cstackCOMRAM 00003A
_lcd_cmd                          text6        0025F2
_lcd_data                         text10       00254C
_lcd_init                         text5        001E4E
_lcd_puts                         text9        0027F4
_lcd_putsTwoint                   text8        001D4A
_main                             text0        002040
_scale                            text15       000EDA
_scale$934                        cstackCOMRAM 00003A
_sprintf                          text12       000688
_sprintf$344                      cstackCOMRAM 000055
_sprintf$935                      cstackCOMRAM 000052
_strcat                           text13       002464
end_of_initialization             cinit        0028B6
fround@prec                       cstackCOMRAM 000031
intlevel0                         text         000000
intlevel1                         text         000000
intlevel2                         text         000000
intlevel3                         text         000000
lcd_cmd@c                         cstackCOMRAM 000005
lcd_data@c                        cstackCOMRAM 000005
lcd_init@_dcnt                    cstackCOMRAM 000009
lcd_init@init_value               cstackCOMRAM 00000A
lcd_init@mode                     cstackCOMRAM 000007
lcd_puts@s                        cstackCOMRAM 000007
lcd_putsTwoint@F3371              bssBANK0     00009B
lcd_putsTwoint@cptrValue          cstackBANK0  000099
lcd_putsTwoint@crgFirstValue      cstackBANK0  00008F
lcd_putsTwoint@crgSecondValue     cstackBANK0  000094
lcd_putsTwoint@crgValue           cstackBANK0  000080
lcd_putsTwoint@iFirstValue        cstackCOMRAM 00006D
lcd_putsTwoint@iSecondValue       cstackCOMRAM 00006F
main@iLeftVolt                    cstackCOMRAM 000072
main@iRightVolt                   cstackCOMRAM 000074
scale@scl                         cstackCOMRAM 000031
sprintf@_val                      cstackCOMRAM 000062
sprintf@ap                        cstackCOMRAM 000059
sprintf@c                         cstackCOMRAM 00006C
sprintf@exp                       cstackCOMRAM 000067
sprintf@f                         cstackCOMRAM 000047
sprintf@flag                      cstackCOMRAM 00005B
sprintf@fval                      cstackCOMRAM 000069
sprintf@integ                     cstackCOMRAM 00005D
sprintf@prec                      cstackCOMRAM 000060
sprintf@sp                        cstackCOMRAM 000045
start                             init         000000
start_initialization              cinit        0028A8
strcat@cp                         cstackCOMRAM 000007
strcat@from                       cstackCOMRAM 000003
strcat@to                         cstackCOMRAM 000001
